21:57:31 start seen=737143 frontier=22 conc=32
21:59:03 new 20000 total 757139 queue 1 errors 0 216/s last=(38.000,140.195)
21:59:53 new 40000 total 777179 queue 27 errors 0 282/s last=(38.246,140.331)
22:01:12 new 60000 total 797133 queue 1 errors 0 271/s last=(37.751,140.410)
22:03:42 giveup tH0OHeZvsUqi_PEh2gtNDg
22:04:01 giveup pvho3YfCs3q2qNr_UvyKXQ
22:04:01 DONE new 68019 total 805142 months {'2008-07': 64426, '2008-11': 3593} errors 0 giveup 2 391s
22:53:15 start seen=805142 frontier=2 conc=32
22:58:39 DONE new 11963 total 817103 months {'2008-05': 9701, '2008-07': 2262} errors 0 giveup 0 324s
19:03:33 start seen=817149 frontier=46 conc=32
19:04:36 DONE new 13410 total 830513 months {'2008-07': 13410} errors 0 giveup 0 63s
19:05:30 start seen=830515 frontier=2 conc=32
19:05:45 DONE new 349 total 830862 months {'2008-07': 349} errors 0 giveup 0 15s
19:19:09 start seen=830864 frontier=2 conc=32
19:19:52 DONE new 1091 total 831953 months {'2008-07': 1091} errors 0 giveup 0 43s
23:45:15 start seen=831954 frontier=1 conc=32
23:45:20 DONE new 75 total 832028 months {'2008-06': 75} errors 0 giveup 0 6s
23:57:08 start seen=832029 frontier=1 conc=32
23:57:10 DONE new 22 total 832050 months {'2008-05': 22} errors 0 giveup 0 3s
00:03:48 start seen=832051 frontier=1 conc=32
00:03:53 DONE new 64 total 832114 months {'2008-06': 64} errors 0 giveup 0 5s
00:13:35 start seen=832117 frontier=3 conc=32
00:13:41 DONE new 196 total 832310 months {'2008-06': 196} errors 0 giveup 0 5s
00:14:43 start seen=832312 frontier=2 conc=32
00:14:47 DONE new 59 total 832369 months {'2008-06': 59} errors 0 giveup 0 4s
00:30:55 start seen=832371 frontier=2 conc=32
00:30:55 DONE new 8 total 832377 months {'2008-05': 8} errors 0 giveup 0 1s
00:42:03 start seen=832379 frontier=2 conc=32
00:42:07 DONE new 330 total 832707 months {'2008-06': 330} errors 0 giveup 0 4s
00:43:55 start seen=832712 frontier=5 conc=32
00:43:58 DONE new 129 total 832836 months {'2008-06': 129} errors 0 giveup 0 3s
